
> dream-plus@2.0.0 lint
> eslint .


C:\Erp\dream-plus-audit-20260919\frontend-react\CountsView.jsx
  15:28  warning  'card' is assigned a value but never used  no-unused-vars

C:\Erp\dream-plus-audit-20260919\frontend-react\ItemsView.jsx
  28:24  warning  'card' is assigned a value but never used  no-unused-vars

C:\Erp\dream-plus-audit-20260919\frontend-react\LotsView.jsx
  133:11  warning  'card' is assigned a value but never used  no-unused-vars

C:\Erp\dream-plus-audit-20260919\frontend-react\ProductionView.jsx
  11:28  warning  'card' is assigned a value but never used  no-unused-vars

C:\Erp\dream-plus-audit-20260919\frontend-react\SalesView.jsx
  10:40  warning  'ts' is assigned a value but never used  no-unused-vars

C:\Erp\dream-plus-audit-20260919\public\js\api.js
  2:7  warning  'Api' is assigned a value but never used  no-unused-vars

C:\Erp\dream-plus-audit-20260919\public\js\app.js
  2:7  warning  'App' is assigned a value but never used  no-unused-vars

C:\Erp\dream-plus-audit-20260919\public\js\i18n.js
  2:7  warning  'I18N' is assigned a value but never used  no-unused-vars

C:\Erp\dream-plus-audit-20260919\public\js\ui.js
  2:7  warning  'UI' is assigned a value but never used  no-unused-vars

C:\Erp\dream-plus-audit-20260919\server\middleware\auth.js
  4:9  warning  'AppError' is assigned a value but never used  no-unused-vars

C:\Erp\dream-plus-audit-20260919\server\routes\documents.js
   8:9   warning  'validate' is assigned a value but never used       no-unused-vars
   8:19  warning  'z' is assigned a value but never used              no-unused-vars
  10:7   warning  'notifications' is assigned a value but never used  no-unused-vars

C:\Erp\dream-plus-audit-20260919\server\routes\reports.js
  15:10  warning  'daysAgoStr' is defined but never used  no-unused-vars

C:\Erp\dream-plus-audit-20260919\server\routes\sales.js
  6:53  warning  'toBase' is assigned a value but never used  no-unused-vars

C:\Erp\dream-plus-audit-20260919\server\seed.js
   77:11  warning  'cusEge' is assigned a value but never used     no-unused-vars
  147:11  warning  'lotSomun2' is assigned a value but never used  no-unused-vars
  150:11  warning  'lotSac1' is assigned a value but never used    no-unused-vars
  152:11  warning  'lotYag' is assigned a value but never used     no-unused-vars

C:\Erp\dream-plus-audit-20260919\server\services\costing.js
  2:19  warning  'toBase' is assigned a value but never used  no-unused-vars

C:\Erp\dream-plus-audit-20260919\server\services\import-commit.js
  12:25  warning  'logAudit' is assigned a value but never used  no-unused-vars
  17:7   warning  'lower' is assigned a value but never used     no-unused-vars

C:\Erp\dream-plus-audit-20260919\server\services\mrp.js
   19:7   warning  'DAY' is assigned a value but never used    no-unused-vars
  116:13  warning  'gross' is assigned a value but never used  no-unused-vars

C:\Erp\dream-plus-audit-20260919\server\services\notifications.js
  2:15  warning  'getSetting' is assigned a value but never used  no-unused-vars

C:\Erp\dream-plus-audit-20260919\test\data-health.js
  79:9  warning  'noSupplier' is assigned a value but never used  no-unused-vars

C:\Erp\dream-plus-audit-20260919\test\dates.js
  12:66  warning  'DAY_MS' is assigned a value but never used  no-unused-vars

C:\Erp\dream-plus-audit-20260919\test\e2e.js
  276:9  warning  'beforeName' is assigned a value but never used  no-unused-vars

✖ 28 problems (0 errors, 28 warnings)

