
> dream-plus@2.0.0 test:e2e-browser
> playwright test

[WebServer] ◇ injected env (10) from .env // tip: ⌘ custom filepath { path: '/custom/path/.env' }
[WebServer] Migration uygulandı / applied: 001_initial_schema.js
[WebServer] Migration uygulandı / applied: 002_einvoice.js
[WebServer] Migration uygulandı / applied: 003_planning.js
[WebServer] Migration uygulandı / applied: 004_import.js
[WebServer] Migration uygulandı / applied: 005_templates.js
[WebServer] Migration uygulandı / applied: 006_multitenancy_prep.js
[WebServer] Migration uygulandı / applied: 007_scoped_uniqueness.js
[WebServer] Migration uygulandı / applied: 008_accounting_bridge.js
[WebServer] Migration uygulandı / applied: 009_webhooks.js
[WebServer] Migration uygulandı / applied: 010_crm.js
[WebServer] Migration uygulandı / applied: 011_saved_reports.js
[WebServer] Migration uygulandı / applied: 012_webhook_retry.js
[WebServer] Migration uygulandı / applied: 013_pivot_datasources.js
[WebServer] Migration uygulandı / applied: 014_support_and_visits.js
[WebServer] Migration uygulandı / applied: 015_invoice_return_reference.js
[WebServer] Migration uygulandı / applied: 016_kvkk_anonymization.js
[WebServer] Migration uygulandı / applied: 017_remove_einvoice_module.js
[WebServer] Migration uygulandı / applied: 018_mobile_idempotency.js
[WebServer] Migration uygulandı / applied: 019_shipment_cancellation_and_lot_lineage.js
[WebServer] Migration uygulandı / applied: 020_purchase_line_fx_snapshot.js
[WebServer] Migration uygulandı / applied: 021_invoice_shipment_allocations.js
[WebServer] Migration uygulandı / applied: 022_landed_cost_allocations.js
[WebServer] Örnek veriler yüklendi / Seed data loaded.
[WebServer] Kullanıcılar / Users: admin/Admin123!  mudur/Mudur123!  operator/Operator123!  kalite/Kalite123!  viewer/Viewer123!
[WebServer] (node:16576) Warning: The 'NO_COLOR' env is ignored due to the 'FORCE_COLOR' env being set.
[WebServer] (Use `node --trace-warnings ...` to show where the warning was created)
[WebServer] (node:16576) Warning: The 'NO_COLOR' env is ignored due to the 'FORCE_COLOR' env being set.
[WebServer] (Use `node --trace-warnings ...` to show where the warning was created)
[WebServer] [16:49:37.999] INFO (16576): Dream Plus çalışıyor / running at http://localhost:3301

Running 35 tests using 1 worker

(node:11412) Warning: The 'NO_COLOR' env is ignored due to the 'FORCE_COLOR' env being set.
(Use `node --trace-warnings ...` to show where the warning was created)
[WebServer] [16:49:43.504] WARN (16576):
[WebServer]     requestId: "cf334cb6-7a5d-4d28-82bd-d3b0d4179e79"
[WebServer]     method: "POST"
[WebServer]     url: "/api/auth/login"
[WebServer]     status: 401
[WebServer]     ms: 75
  ok  1 [chromium] › test\e2e-browser\admin-audit-log.spec.js:15:3 › Yönetim — Denetim Kaydı null rol sızdırmıyor › başarısız giriş denemesi satırında literal "null" görünmüyor (4.2s)
  ok  2 [chromium] › test\e2e-browser\counts-quality-role.spec.js:21:3 › Sayım — Kalite rolü gerçekten sayım oluşturup kaydedebiliyor › kalite kullanıcısı yeni sayım açıp bir satırı kaydedebiliyor (1.2s)
  ok  3 [chromium] › test\e2e-browser\crm.spec.js:6:3 › CRM — fırsat oluşturma ve satış siparişine dönüştürme › fırsat oluşturulup kazanılıp gerçek bir siparişe dönüştürülüyor (1.7s)
  ok  4 [chromium] › test\e2e-browser\global-search.spec.js:14:3 › Genel arama — kenar çubuğundaki arama kutusu › müşteri araması gerçek sonuç gösterip doğru ekrana götürüyor (1.3s)
  ok  5 [chromium] › test\e2e-browser\global-search.spec.js:27:3 › Genel arama — kenar çubuğundaki arama kutusu › ürün araması ve parti araması gerçek verilerle sonuç veriyor (1.5s)
  ok  6 [chromium] › test\e2e-browser\global-search.spec.js:37:3 › Genel arama — kenar çubuğundaki arama kutusu › sonuç yoksa "sonuç bulunamadı" gösteriliyor, Escape kapatıyor (1.2s)
  ok  7 [chromium] › test\e2e-browser\items.spec.js:6:3 › Ürünler — stok girişi (uçtan uca gerçek sunucuya karşı) › stok girişi diyaloğu gerçek miktarı sunucuya yazıyor (1.1s)
  ok  8 [chromium] › test\e2e-browser\login.spec.js:6:3 › Giriş ve temel gezinme › giriş yapılabiliyor ve panel gerçek veriyle render oluyor (851ms)
[WebServer] [16:49:53.562] WARN (16576):
[WebServer]     requestId: "a95799bc-d8a0-4bf6-a0ef-8e4a3674df33"
[WebServer]     method: "POST"
[WebServer]     url: "/api/auth/login"
[WebServer]     status: 401
[WebServer]     ms: 68
  ok  9 [chromium] › test\e2e-browser\login.spec.js:16:3 › Giriş ve temel gezinme › yanlış şifre reddediliyor (769ms)
  ok 10 [chromium] › test\e2e-browser\login.spec.js:25:3 › Giriş ve temel gezinme › görüntüleyici rolünde Yönetim sekmesi gizli (867ms)
  ok 11 [chromium] › test\e2e-browser\login.spec.js:30:3 › Giriş ve temel gezinme › kalite rolünde Yönetim sekmesi gizli (887ms)
  ok 12 [chromium] › test\e2e-browser\login.spec.js:41:5 › Giriş ve temel gezinme › items ekranı hatasız render oluyor (943ms)
  ok 13 [chromium] › test\e2e-browser\login.spec.js:41:5 › Giriş ve temel gezinme › lots ekranı hatasız render oluyor (1.2s)
  ok 14 [chromium] › test\e2e-browser\login.spec.js:41:5 › Giriş ve temel gezinme › crm ekranı hatasız render oluyor (937ms)
  ok 15 [chromium] › test\e2e-browser\login.spec.js:41:5 › Giriş ve temel gezinme › sales ekranı hatasız render oluyor (927ms)
  ok 16 [chromium] › test\e2e-browser\login.spec.js:41:5 › Giriş ve temel gezinme › reports ekranı hatasız render oluyor (929ms)
  ok 17 [chromium] › test\e2e-browser\lots-traceability.spec.js:23:3 › Partiler — izlenebilirlik raporu gerçek verilerle doluyor › geriye/ileriye izleme ve geri çağırma raporu doğru bilgiyi gösteriyor (1.1s)
  ok 18 [chromium] › test\e2e-browser\mobile-count.spec.js:19:3 › Depo Terminali — Sayım gerçekten sunucuya kaydediyor › mobilde sayılan bir kalem sunucuya yazılıyor (no such column hatası değil) (1.7s)
  ok 19 [chromium] › test\e2e-browser\mobile-offline-queue.spec.js:19:3 › Depo Terminali — çevrimdışı kuyruk gerçekten çalışıyor › çevrimdışıyken sayım kuyruğa alınıyor, bağlantı gelince otomatik gönderiliyor (1.6s)
  ok 20 [chromium] › test\e2e-browser\mobile-queue.spec.js:3:1 › mobil kuyruk parçalanır; hatalı, yeni ve başka kullanıcı işlemleri korunur (2.5s)
  ok 21 [chromium] › test\e2e-browser\mobile-receiving.spec.js:21:3 › Depo Terminali — Mal Kabul gerçekten sunucuya kaydediyor › SA-2026-003 siparişindeki kalem teslim alınıp sunucuya yazılıyor (422 değil) (690ms)
  ok 22 [chromium] › test\e2e-browser\mobile.spec.js:5:3 › Depo Terminali — gerçek tarayıcı CSS/layout regresyonu › hidden öznitelikli elemanlar GERÇEKTEN görünmez (Aşama 6 regresyon testi) (151ms)
  ok 23 [chromium] › test\e2e-browser\mobile.spec.js:22:3 › Depo Terminali — gerçek tarayıcı CSS/layout regresyonu › giriş yapıp barkod okutarak ürün ekranına ulaşılıyor (650ms)
[WebServer] [16:50:10.844] WARN (16576):
[WebServer]     requestId: "604e54f0-6ca8-4953-8819-de37982cc3db"
[WebServer]     method: "GET"
[WebServer]     url: "/api/auth/me"
[WebServer]     status: 401
[WebServer]     ms: 1
  ok 24 [chromium] › test\e2e-browser\password-change.spec.js:3:1 › mobil geçici şifreyi değiştirir ve çıkış sunucu oturumunu iptal eder (2.1s)
  ok 25 [chromium] › test\e2e-browser\permission-matrix.spec.js:14:3 › Yetki matrisi — frontend can() backend PERMISSIONS ile eşleşiyor › Müdür sevkiyat silme butonunu görmüyor (DELETE /shipments yalnızca gerçek admin) (973ms)
  ok 26 [chromium] › test\e2e-browser\permission-matrix.spec.js:30:3 › Yetki matrisi — frontend can() backend PERMISSIONS ile eşleşiyor › Kalite kullanıcısı bir ürüne doküman yükleme butonunu görüyor (1.0s)
  ok 27 [chromium] › test\e2e-browser\permission-matrix.spec.js:46:3 › Yetki matrisi — frontend can() backend PERMISSIONS ile eşleşiyor › Müdür parti durum değiştirme butonunu görmüyor (POST /lot-status yalnızca admin+kalite) (977ms)
  ok 28 [chromium] › test\e2e-browser\permission-matrix.spec.js:65:3 › Yetki matrisi — frontend can() backend PERMISSIONS ile eşleşiyor › Kalite kullanıcısı parti durum değiştirme butonunu görüyor (921ms)
  ok 29 [chromium] › test\e2e-browser\permission-matrix.spec.js:73:3 › Yetki matrisi — frontend can() backend PERMISSIONS ile eşleşiyor › Müdür Webhook sekmesini açınca "yalnızca yöneticilere açık" görüyor, 403 hatası değil (1.0s)
  ok 30 [chromium] › test\e2e-browser\permission-matrix.spec.js:86:3 › Yetki matrisi — frontend can() backend PERMISSIONS ile eşleşiyor › Müdür kendi kaydettiği raporu silebiliyor (sahibi olduğu için) (1.1s)
  ok 31 [chromium] › test\e2e-browser\permission-matrix.spec.js:104:3 › Yetki matrisi — frontend can() backend PERMISSIONS ile eşleşiyor › Operatör #admin hash'ine doğrudan gidince Yönetim ekranını GÖREMİYOR (gizli sekme = yetki değil) (850ms)
  ok 32 [chromium] › test\e2e-browser\permission-matrix.spec.js:125:3 › Yetki matrisi — frontend can() backend PERMISSIONS ile eşleşiyor › Başkasının kayıtlı raporunu Operatör silemiyor (986ms)
  ok 33 [chromium] › test\e2e-browser\print-output-content.spec.js:22:3 › Yazdırma çıktıları — gerçek belge içeriği › sevkiyat irsaliyesi çıktısı GERÇEK sevkiyat verisini içeriyor (şablon değil) (1.2s)
  ok 34 [chromium] › test\e2e-browser\purchasing-compare-quotes.spec.js:20:3 › Satın Alma — teklif karşılaştırma gerçek verilerle doluyor › 3 teklifli RFQ karşılaştırma tablosu doğru fiyat/tedarikçi/en iyi fiyatı gösteriyor (1.1s)
  ok 35 [chromium] › test\e2e-browser\purchasing-invoices.spec.js:20:3 › Satın Alma — fatura 3'lü eşleştirme gerçek verilerle doluyor › yeni fatura girildiğinde tedarikçi adı ve fark notu doğru gösteriliyor (1.2s)

  35 passed (45.6s)
