
> dream-plus@2.0.0 typecheck
> tsc --noEmit

test/faz0-verify/b1a-sales.js(23,5): error TS2775: Assertions require every name in the call target to be declared with an explicit type annotation.
test/faz0-verify/b1a-sales.js(34,5): error TS2775: Assertions require every name in the call target to be declared with an explicit type annotation.
test/faz0-verify/b1a-sales.js(48,5): error TS2775: Assertions require every name in the call target to be declared with an explicit type annotation.
test/faz0-verify/b1a-sales.js(75,5): error TS2775: Assertions require every name in the call target to be declared with an explicit type annotation.
test/faz0-verify/b1a-sales.js(76,5): error TS2775: Assertions require every name in the call target to be declared with an explicit type annotation.
test/faz0-verify/b1a-sales.js(82,5): error TS2775: Assertions require every name in the call target to be declared with an explicit type annotation.
test/faz0-verify/b1a-sales.js(83,5): error TS2775: Assertions require every name in the call target to be declared with an explicit type annotation.
test/faz0-verify/b1a-sales.js(114,5): error TS2775: Assertions require every name in the call target to be declared with an explicit type annotation.
test/faz0-verify/b1a-sales.js(119,58): error TS2775: Assertions require every name in the call target to be declared with an explicit type annotation.
test/faz0-verify/b1a-sales.js(139,56): error TS2775: Assertions require every name in the call target to be declared with an explicit type annotation.
test/faz0-verify/b1a-sales.js(139,88): error TS2775: Assertions require every name in the call target to be declared with an explicit type annotation.
test/faz0-verify/b1a-sales.js(141,52): error TS2775: Assertions require every name in the call target to be declared with an explicit type annotation.
test/faz0-verify/b1a-sales.js(141,87): error TS2775: Assertions require every name in the call target to be declared with an explicit type annotation.
test/faz0-verify/b1a-sales.js(142,5): error TS2775: Assertions require every name in the call target to be declared with an explicit type annotation.
test/faz0-verify/b1a-sales.js(143,5): error TS2775: Assertions require every name in the call target to be declared with an explicit type annotation.
test/faz0-verify/b1a-sales.js(150,5): error TS2775: Assertions require every name in the call target to be declared with an explicit type annotation.
test/faz0-verify/b1a-sales.js(167,5): error TS2775: Assertions require every name in the call target to be declared with an explicit type annotation.
test/faz0-verify/b1a-sales.js(172,5): error TS2775: Assertions require every name in the call target to be declared with an explicit type annotation.
test/faz0-verify/b1a-sales.js(174,5): error TS2775: Assertions require every name in the call target to be declared with an explicit type annotation.
test/faz0-verify/b1a-sales.js(190,5): error TS2775: Assertions require every name in the call target to be declared with an explicit type annotation.
test/faz0-verify/b1a-sales.js(213,5): error TS2775: Assertions require every name in the call target to be declared with an explicit type annotation.
test/faz0-verify/b1a-sales.js(224,5): error TS2775: Assertions require every name in the call target to be declared with an explicit type annotation.
test/faz0-verify/b1a-sales.js(230,5): error TS2775: Assertions require every name in the call target to be declared with an explicit type annotation.
test/faz0-verify/b1a-sales.js(234,5): error TS2775: Assertions require every name in the call target to be declared with an explicit type annotation.
test/faz0-verify/b1a-sales.js(249,5): error TS2775: Assertions require every name in the call target to be declared with an explicit type annotation.
test/faz0-verify/b1a-sales.js(260,5): error TS2775: Assertions require every name in the call target to be declared with an explicit type annotation.
test/faz0-verify/b1a-sales.js(268,5): error TS2775: Assertions require every name in the call target to be declared with an explicit type annotation.
test/faz0-verify/b1a-sales.js(269,5): error TS2775: Assertions require every name in the call target to be declared with an explicit type annotation.
test/faz0-verify/b1a-sales.js(292,29): error TS2775: Assertions require every name in the call target to be declared with an explicit type annotation.
test/faz0-verify/b1b-stock.js(20,5): error TS2775: Assertions require every name in the call target to be declared with an explicit type annotation.
test/faz0-verify/b1b-stock.js(34,5): error TS2775: Assertions require every name in the call target to be declared with an explicit type annotation.
test/faz0-verify/b1b-stock.js(34,34): error TS2775: Assertions require every name in the call target to be declared with an explicit type annotation.
test/faz0-verify/b1b-stock.js(35,5): error TS2775: Assertions require every name in the call target to be declared with an explicit type annotation.
test/faz0-verify/b1b-stock.js(35,44): error TS2775: Assertions require every name in the call target to be declared with an explicit type annotation.
test/faz0-verify/b1b-stock.js(36,5): error TS2775: Assertions require every name in the call target to be declared with an explicit type annotation.
test/faz0-verify/b1b-stock.js(56,5): error TS2775: Assertions require every name in the call target to be declared with an explicit type annotation.
test/faz0-verify/b1b-stock.js(68,5): error TS2775: Assertions require every name in the call target to be declared with an explicit type annotation.
test/faz0-verify/b1b-stock.js(68,43): error TS2775: Assertions require every name in the call target to be declared with an explicit type annotation.
test/faz0-verify/b1b-stock.js(68,93): error TS2775: Assertions require every name in the call target to be declared with an explicit type annotation.
test/faz0-verify/b1b-stock.js(81,52): error TS2775: Assertions require every name in the call target to be declared with an explicit type annotation.
test/faz0-verify/b1b-stock.js(91,115): error TS2775: Assertions require every name in the call target to be declared with an explicit type annotation.
test/faz0-verify/b1b-stock.js(94,5): error TS2775: Assertions require every name in the call target to be declared with an explicit type annotation.
test/faz0-verify/b1b-stock.js(94,43): error TS2775: Assertions require every name in the call target to be declared with an explicit type annotation.
test/faz0-verify/b1b-stock.js(100,5): error TS2775: Assertions require every name in the call target to be declared with an explicit type annotation.
test/faz0-verify/b1b-stock.js(101,5): error TS2775: Assertions require every name in the call target to be declared with an explicit type annotation.
test/faz0-verify/b1b-stock.js(128,5): error TS2775: Assertions require every name in the call target to be declared with an explicit type annotation.
test/faz0-verify/b1b-stock.js(144,5): error TS2775: Assertions require every name in the call target to be declared with an explicit type annotation.
test/faz0-verify/b1b-stock.js(144,63): error TS2775: Assertions require every name in the call target to be declared with an explicit type annotation.
test/faz0-verify/b1b-stock.js(149,45): error TS2775: Assertions require every name in the call target to be declared with an explicit type annotation.
test/faz0-verify/b1b-stock.js(159,5): error TS2775: Assertions require every name in the call target to be declared with an explicit type annotation.
test/faz0-verify/b1b-stock.js(159,56): error TS2775: Assertions require every name in the call target to be declared with an explicit type annotation.
test/faz0-verify/b1b-stock.js(170,5): error TS2775: Assertions require every name in the call target to be declared with an explicit type annotation.
test/faz0-verify/b1b-stock.js(170,22): error TS2775: Assertions require every name in the call target to be declared with an explicit type annotation.
test/faz0-verify/b1b-stock.js(170,72): error TS2775: Assertions require every name in the call target to be declared with an explicit type annotation.
test/faz0-verify/b1b-stock.js(201,5): error TS2775: Assertions require every name in the call target to be declared with an explicit type annotation.
test/faz0-verify/b1b-stock.js(215,5): error TS2775: Assertions require every name in the call target to be declared with an explicit type annotation.
test/faz0-verify/b1b-stock.js(227,5): error TS2775: Assertions require every name in the call target to be declared with an explicit type annotation.
test/faz0-verify/b1b-stock.js(235,5): error TS2775: Assertions require every name in the call target to be declared with an explicit type annotation.
test/faz0-verify/b1b-stock.js(237,50): error TS2775: Assertions require every name in the call target to be declared with an explicit type annotation.
test/faz0-verify/b1b-stock.js(250,5): error TS2775: Assertions require every name in the call target to be declared with an explicit type annotation.
test/faz0-verify/b1b-stock.js(250,63): error TS2775: Assertions require every name in the call target to be declared with an explicit type annotation.
test/faz0-verify/b1b-stock.js(254,5): error TS2775: Assertions require every name in the call target to be declared with an explicit type annotation.
test/faz0-verify/b1b-stock.js(266,5): error TS2775: Assertions require every name in the call target to be declared with an explicit type annotation.
test/faz0-verify/b1b-stock.js(266,83): error TS2775: Assertions require every name in the call target to be declared with an explicit type annotation.
test/faz0-verify/b1b-stock.js(267,5): error TS2775: Assertions require every name in the call target to be declared with an explicit type annotation.
test/faz0-verify/b1b-stock.js(269,39): error TS2775: Assertions require every name in the call target to be declared with an explicit type annotation.
test/faz0-verify/b1b-stock.js(279,5): error TS2775: Assertions require every name in the call target to be declared with an explicit type annotation.
test/faz0-verify/b1b-stock.js(280,5): error TS2775: Assertions require every name in the call target to be declared with an explicit type annotation.
test/faz0-verify/b1b-stock.js(285,5): error TS2775: Assertions require every name in the call target to be declared with an explicit type annotation.
test/faz0-verify/b1b-stock.js(285,40): error TS2775: Assertions require every name in the call target to be declared with an explicit type annotation.
test/faz0-verify/b1b-stock.js(285,74): error TS2775: Assertions require every name in the call target to be declared with an explicit type annotation.
test/faz0-verify/b1b-stock.js(298,5): error TS2775: Assertions require every name in the call target to be declared with an explicit type annotation.
test/faz0-verify/b1b-stock.js(305,183): error TS2775: Assertions require every name in the call target to be declared with an explicit type annotation.
test/faz0-verify/b1b-stock.js(339,5): error TS2775: Assertions require every name in the call target to be declared with an explicit type annotation.
test/faz0-verify/b1b-stock.js(350,5): error TS2775: Assertions require every name in the call target to be declared with an explicit type annotation.
test/faz0-verify/b1b-stock.js(351,5): error TS2775: Assertions require every name in the call target to be declared with an explicit type annotation.
test/faz0-verify/b1b-stock.js(355,62): error TS2775: Assertions require every name in the call target to be declared with an explicit type annotation.
test/faz0-verify/b1b-stock.js(371,5): error TS2775: Assertions require every name in the call target to be declared with an explicit type annotation.
test/faz0-verify/b1b-stock.js(381,5): error TS2775: Assertions require every name in the call target to be declared with an explicit type annotation.
test/faz0-verify/b1b-stock.js(388,5): error TS2775: Assertions require every name in the call target to be declared with an explicit type annotation.
test/faz0-verify/b1b-stock.js(396,5): error TS2775: Assertions require every name in the call target to be declared with an explicit type annotation.
test/faz0-verify/b1b-stock.js(401,5): error TS2775: Assertions require every name in the call target to be declared with an explicit type annotation.
test/faz0-verify/b1b-stock.js(405,5): error TS2775: Assertions require every name in the call target to be declared with an explicit type annotation.
test/faz0-verify/b1b-stock.js(409,5): error TS2775: Assertions require every name in the call target to be declared with an explicit type annotation.
test/faz0-verify/b1b-stock.js(413,87): error TS2775: Assertions require every name in the call target to be declared with an explicit type annotation.
test/faz0-verify/b2-purch-auth.js(16,5): error TS2775: Assertions require every name in the call target to be declared with an explicit type annotation.
test/faz0-verify/b2-purch-auth.js(28,5): error TS2775: Assertions require every name in the call target to be declared with an explicit type annotation.
test/faz0-verify/b2-purch-auth.js(36,5): error TS2775: Assertions require every name in the call target to be declared with an explicit type annotation.
test/faz0-verify/b2-purch-auth.js(48,5): error TS2775: Assertions require every name in the call target to be declared with an explicit type annotation.
test/faz0-verify/b2-purch-auth.js(62,5): error TS2775: Assertions require every name in the call target to be declared with an explicit type annotation.
test/faz0-verify/b2-purch-auth.js(63,5): error TS2775: Assertions require every name in the call target to be declared with an explicit type annotation.
test/faz0-verify/b2-purch-auth.js(63,42): error TS2775: Assertions require every name in the call target to be declared with an explicit type annotation.
test/faz0-verify/b2-purch-auth.js(80,5): error TS2775: Assertions require every name in the call target to be declared with an explicit type annotation.
test/faz0-verify/b2-purch-auth.js(89,69): error TS2775: Assertions require every name in the call target to be declared with an explicit type annotation.
test/faz0-verify/b2-purch-auth.js(89,119): error TS2775: Assertions require every name in the call target to be declared with an explicit type annotation.
test/faz0-verify/b2-purch-auth.js(90,71): error TS2775: Assertions require every name in the call target to be declared with an explicit type annotation.
test/faz0-verify/b2-purch-auth.js(103,25): error TS2775: Assertions require every name in the call target to be declared with an explicit type annotation.
test/faz0-verify/b2-purch-auth.js(112,5): error TS2775: Assertions require every name in the call target to be declared with an explicit type annotation.
test/faz0-verify/b2-purch-auth.js(128,67): error TS2775: Assertions require every name in the call target to be declared with an explicit type annotation.
test/faz0-verify/b2-purch-auth.js(129,67): error TS2775: Assertions require every name in the call target to be declared with an explicit type annotation.
test/faz0-verify/b2-purch-auth.js(131,5): error TS2775: Assertions require every name in the call target to be declared with an explicit type annotation.
test/faz0-verify/b2-purch-auth.js(138,5): error TS2775: Assertions require every name in the call target to be declared with an explicit type annotation.
test/faz0-verify/b2-purch-auth.js(143,5): error TS2775: Assertions require every name in the call target to be declared with an explicit type annotation.
test/faz0-verify/b2-purch-auth.js(143,38): error TS2775: Assertions require every name in the call target to be declared with an explicit type annotation.
test/faz0-verify/b2-purch-auth.js(148,5): error TS2775: Assertions require every name in the call target to be declared with an explicit type annotation.
test/faz0-verify/b2-purch-auth.js(148,63): error TS2775: Assertions require every name in the call target to be declared with an explicit type annotation.
test/faz0-verify/b2-purch-auth.js(166,5): error TS2775: Assertions require every name in the call target to be declared with an explicit type annotation.
test/faz0-verify/b2-purch-auth.js(175,90): error TS2775: Assertions require every name in the call target to be declared with an explicit type annotation.
test/faz0-verify/b2-purch-auth.js(176,5): error TS2775: Assertions require every name in the call target to be declared with an explicit type annotation.
test/faz0-verify/b2-purch-auth.js(184,5): error TS2775: Assertions require every name in the call target to be declared with an explicit type annotation.
test/faz0-verify/b2-purch-auth.js(197,5): error TS2775: Assertions require every name in the call target to be declared with an explicit type annotation.
test/faz0-verify/b2-purch-auth.js(207,5): error TS2775: Assertions require every name in the call target to be declared with an explicit type annotation.
test/faz0-verify/b2-purch-auth.js(208,5): error TS2775: Assertions require every name in the call target to be declared with an explicit type annotation.
test/faz0-verify/b2-purch-auth.js(209,5): error TS2775: Assertions require every name in the call target to be declared with an explicit type annotation.
test/faz0-verify/b2-purch-auth.js(218,5): error TS2775: Assertions require every name in the call target to be declared with an explicit type annotation.
test/faz0-verify/b2-purch-auth.js(219,5): error TS2775: Assertions require every name in the call target to be declared with an explicit type annotation.
test/faz0-verify/b2-purch-auth.js(227,5): error TS2775: Assertions require every name in the call target to be declared with an explicit type annotation.
test/faz0-verify/b2-purch-auth.js(240,5): error TS2775: Assertions require every name in the call target to be declared with an explicit type annotation.
test/faz0-verify/b2-purch-auth.js(240,38): error TS2775: Assertions require every name in the call target to be declared with an explicit type annotation.
test/faz0-verify/b2-purch-auth.js(240,71): error TS2775: Assertions require every name in the call target to be declared with an explicit type annotation.
test/faz0-verify/b2-purch-auth.js(244,5): error TS2775: Assertions require every name in the call target to be declared with an explicit type annotation.
test/faz0-verify/b2-purch-auth.js(249,110): error TS2775: Assertions require every name in the call target to be declared with an explicit type annotation.
test/faz0-verify/b2-purch-auth.js(254,5): error TS2775: Assertions require every name in the call target to be declared with an explicit type annotation.
test/faz0-verify/b2-purch-auth.js(262,5): error TS2775: Assertions require every name in the call target to be declared with an explicit type annotation.
test/faz0-verify/b2-purch-auth.js(277,5): error TS2775: Assertions require every name in the call target to be declared with an explicit type annotation.
test/faz0-verify/b2-purch-auth.js(298,121): error TS2775: Assertions require every name in the call target to be declared with an explicit type annotation.
test/faz0-verify/b2-purch-auth.js(299,5): error TS2775: Assertions require every name in the call target to be declared with an explicit type annotation.
test/faz0-verify/b2-purch-auth.js(312,5): error TS2775: Assertions require every name in the call target to be declared with an explicit type annotation.
test/faz0-verify/b2-purch-auth.js(319,5): error TS2775: Assertions require every name in the call target to be declared with an explicit type annotation.
test/faz0-verify/b2-purch-auth.js(327,5): error TS2775: Assertions require every name in the call target to be declared with an explicit type annotation.
test/faz0-verify/b2-purch-auth.js(335,5): error TS2775: Assertions require every name in the call target to be declared with an explicit type annotation.
test/faz0-verify/b2-purch-auth.js(342,5): error TS2775: Assertions require every name in the call target to be declared with an explicit type annotation.
test/faz0-verify/b2-purch-auth.js(350,5): error TS2775: Assertions require every name in the call target to be declared with an explicit type annotation.
test/faz0-verify/b2-purch-auth.js(358,5): error TS2775: Assertions require every name in the call target to be declared with an explicit type annotation.
test/faz0-verify/b2-purch-auth.js(358,59): error TS2775: Assertions require every name in the call target to be declared with an explicit type annotation.
test/faz0-verify/b2-purch-auth.js(358,103): error TS2775: Assertions require every name in the call target to be declared with an explicit type annotation.
test/faz0-verify/b2-purch-auth.js(372,5): error TS2775: Assertions require every name in the call target to be declared with an explicit type annotation.
test/faz0-verify/b2-purch-auth.js(373,95): error TS2775: Assertions require every name in the call target to be declared with an explicit type annotation.
test/faz0-verify/b2-purch-auth.js(377,87): error TS2775: Assertions require every name in the call target to be declared with an explicit type annotation.
test/faz0-verify/b3-sweep.js(40,5): error TS2775: Assertions require every name in the call target to be declared with an explicit type annotation.
test/faz0-verify/b3-sweep.js(49,5): error TS2775: Assertions require every name in the call target to be declared with an explicit type annotation.
test/faz0-verify/b3-sweep.js(71,5): error TS2775: Assertions require every name in the call target to be declared with an explicit type annotation.
test/faz0-verify/b3-sweep.js(83,5): error TS2775: Assertions require every name in the call target to be declared with an explicit type annotation.
test/faz0-verify/b3-sweep.js(119,5): error TS2775: Assertions require every name in the call target to be declared with an explicit type annotation.
test/faz0-verify/b3-sweep.js(125,5): error TS2775: Assertions require every name in the call target to be declared with an explicit type annotation.
test/faz0-verify/b3-sweep.js(125,43): error TS2775: Assertions require every name in the call target to be declared with an explicit type annotation.
test/faz0-verify/b3-sweep.js(125,97): error TS2775: Assertions require every name in the call target to be declared with an explicit type annotation.
test/faz0-verify/b3-sweep.js(125,127): error TS2775: Assertions require every name in the call target to be declared with an explicit type annotation.
test/faz0-verify/b3-sweep.js(153,5): error TS2775: Assertions require every name in the call target to be declared with an explicit type annotation.
test/faz0-verify/b3-sweep.js(153,36): error TS2775: Assertions require every name in the call target to be declared with an explicit type annotation.
test/faz0-verify/b4a-misc.js(42,5): error TS2775: Assertions require every name in the call target to be declared with an explicit type annotation.
test/faz0-verify/b4a-misc.js(52,5): error TS2775: Assertions require every name in the call target to be declared with an explicit type annotation.
test/faz0-verify/b4a-misc.js(61,5): error TS2775: Assertions require every name in the call target to be declared with an explicit type annotation.
test/faz0-verify/b4a-misc.js(66,5): error TS2775: Assertions require every name in the call target to be declared with an explicit type annotation.
test/faz0-verify/b4a-misc.js(66,47): error TS2775: Assertions require every name in the call target to be declared with an explicit type annotation.
test/faz0-verify/b4a-misc.js(74,5): error TS2775: Assertions require every name in the call target to be declared with an explicit type annotation.
test/faz0-verify/b4a-misc.js(89,5): error TS2775: Assertions require every name in the call target to be declared with an explicit type annotation.
test/faz0-verify/b4a-misc.js(89,53): error TS2775: Assertions require every name in the call target to be declared with an explicit type annotation.
test/faz0-verify/b4a-misc.js(105,5): error TS2775: Assertions require every name in the call target to be declared with an explicit type annotation.
test/faz0-verify/b4a-misc.js(116,5): error TS2775: Assertions require every name in the call target to be declared with an explicit type annotation.
test/faz0-verify/b4a-misc.js(132,5): error TS2775: Assertions require every name in the call target to be declared with an explicit type annotation.
test/faz0-verify/b4a-misc.js(137,5): error TS2775: Assertions require every name in the call target to be declared with an explicit type annotation.
test/faz0-verify/b4a-misc.js(140,5): error TS2775: Assertions require every name in the call target to be declared with an explicit type annotation.
test/faz0-verify/b4a-misc.js(141,77): error TS2775: Assertions require every name in the call target to be declared with an explicit type annotation.
test/faz0-verify/b4a-misc.js(142,5): error TS2775: Assertions require every name in the call target to be declared with an explicit type annotation.
test/faz0-verify/b4a-misc.js(149,40): error TS2769: No overload matches this call.
  The last overload gave the following error.
    Argument of type 'string' is not assignable to parameter of type 'number'.
test/faz0-verify/b4a-misc.js(149,110): error TS2339: Property 'port' does not exist on type 'string | AddressInfo'.
  Property 'port' does not exist on type 'string'.
test/faz0-verify/b4a-misc.js(152,97): error TS2775: Assertions require every name in the call target to be declared with an explicit type annotation.
test/faz0-verify/b4a-misc.js(155,5): error TS2775: Assertions require every name in the call target to be declared with an explicit type annotation.
test/faz0-verify/b4a-misc.js(157,5): error TS2775: Assertions require every name in the call target to be declared with an explicit type annotation.
test/faz0-verify/b4a-misc.js(157,58): error TS2775: Assertions require every name in the call target to be declared with an explicit type annotation.
test/faz0-verify/b4a-misc.js(158,5): error TS2775: Assertions require every name in the call target to be declared with an explicit type annotation.
test/faz0-verify/b4a-misc.js(159,5): error TS2775: Assertions require every name in the call target to be declared with an explicit type annotation.
test/faz0-verify/b4a-misc.js(165,5): error TS2775: Assertions require every name in the call target to be declared with an explicit type annotation.
test/faz0-verify/b4a-misc.js(168,5): error TS2775: Assertions require every name in the call target to be declared with an explicit type annotation.
test/faz0-verify/b4a-misc.js(180,5): error TS2775: Assertions require every name in the call target to be declared with an explicit type annotation.
test/faz0-verify/b4a-misc.js(180,33): error TS2775: Assertions require every name in the call target to be declared with an explicit type annotation.
test/faz0-verify/b4a-misc.js(202,5): error TS2775: Assertions require every name in the call target to be declared with an explicit type annotation.
test/faz0-verify/b4a-misc.js(202,55): error TS2775: Assertions require every name in the call target to be declared with an explicit type annotation.
test/faz0-verify/b4a-misc.js(203,5): error TS2775: Assertions require every name in the call target to be declared with an explicit type annotation.
test/faz0-verify/b4a-misc.js(207,131): error TS2775: Assertions require every name in the call target to be declared with an explicit type annotation.
test/faz0-verify/b4a-misc.js(217,5): error TS2775: Assertions require every name in the call target to be declared with an explicit type annotation.
test/faz0-verify/b4a-misc.js(230,5): error TS2775: Assertions require every name in the call target to be declared with an explicit type annotation.
test/faz0-verify/b4a-misc.js(230,42): error TS2775: Assertions require every name in the call target to be declared with an explicit type annotation.
test/faz0-verify/b4a-misc.js(230,80): error TS2775: Assertions require every name in the call target to be declared with an explicit type annotation.
test/faz0-verify/b4a-misc.js(230,116): error TS2775: Assertions require every name in the call target to be declared with an explicit type annotation.
test/faz0-verify/b4a-misc.js(230,148): error TS2775: Assertions require every name in the call target to be declared with an explicit type annotation.
test/faz0-verify/b4a-misc.js(233,5): error TS2775: Assertions require every name in the call target to be declared with an explicit type annotation.
test/faz0-verify/b4a-misc.js(241,165): error TS2775: Assertions require every name in the call target to be declared with an explicit type annotation.
test/faz0-verify/b4a-misc.js(243,5): error TS2775: Assertions require every name in the call target to be declared with an explicit type annotation.
test/faz0-verify/b4a-misc.js(245,5): error TS2775: Assertions require every name in the call target to be declared with an explicit type annotation.
test/faz0-verify/b4a-misc.js(248,5): error TS2775: Assertions require every name in the call target to be declared with an explicit type annotation.
test/faz0-verify/b4a-misc.js(252,56): error TS2775: Assertions require every name in the call target to be declared with an explicit type annotation.
test/faz0-verify/b4a-misc.js(252,96): error TS2775: Assertions require every name in the call target to be declared with an explicit type annotation.
test/faz0-verify/b4a-misc.js(252,136): error TS2775: Assertions require every name in the call target to be declared with an explicit type annotation.
test/faz0-verify/b4a-misc.js(254,56): error TS2775: Assertions require every name in the call target to be declared with an explicit type annotation.
test/faz0-verify/b4b-crm.js(17,7): error TS2775: Assertions require every name in the call target to be declared with an explicit type annotation.
test/faz0-verify/b4b-crm.js(19,5): error TS2775: Assertions require every name in the call target to be declared with an explicit type annotation.
test/faz0-verify/b4b-crm.js(28,5): error TS2775: Assertions require every name in the call target to be declared with an explicit type annotation.
test/faz0-verify/b4b-crm.js(29,5): error TS2775: Assertions require every name in the call target to be declared with an explicit type annotation.
test/faz0-verify/b4b-crm.js(30,5): error TS2775: Assertions require every name in the call target to be declared with an explicit type annotation.
test/faz0-verify/b4b-crm.js(53,5): error TS2775: Assertions require every name in the call target to be declared with an explicit type annotation.
test/faz0-verify/b4b-crm.js(59,5): error TS2775: Assertions require every name in the call target to be declared with an explicit type annotation.
test/faz0-verify/b4b-crm.js(60,26): error TS2775: Assertions require every name in the call target to be declared with an explicit type annotation.
test/faz0-verify/b4b-crm.js(70,5): error TS2775: Assertions require every name in the call target to be declared with an explicit type annotation.
test/faz0-verify/b4b-crm.js(77,5): error TS2775: Assertions require every name in the call target to be declared with an explicit type annotation.
test/faz0-verify/b4b-crm.js(83,5): error TS2775: Assertions require every name in the call target to be declared with an explicit type annotation.
test/faz0-verify/b4b-crm.js(91,7): error TS2775: Assertions require every name in the call target to be declared with an explicit type annotation.
test/faz0-verify/b4b-crm.js(95,5): error TS2775: Assertions require every name in the call target to be declared with an explicit type annotation.
test/faz0-verify/b4b-crm.js(107,5): error TS2775: Assertions require every name in the call target to be declared with an explicit type annotation.
test/faz0-verify/b4b-crm.js(118,5): error TS2775: Assertions require every name in the call target to be declared with an explicit type annotation.
test/faz0-verify/b4b-crm.js(136,5): error TS2775: Assertions require every name in the call target to be declared with an explicit type annotation.
test/faz0-verify/b4b-crm.js(145,5): error TS2775: Assertions require every name in the call target to be declared with an explicit type annotation.
test/faz0-verify/b4b-crm.js(151,5): error TS2775: Assertions require every name in the call target to be declared with an explicit type annotation.
test/faz0-verify/b4b-crm.js(154,107): error TS2775: Assertions require every name in the call target to be declared with an explicit type annotation.
test/faz0-verify/b4c-ops.js(34,5): error TS2775: Assertions require every name in the call target to be declared with an explicit type annotation.
test/faz0-verify/b4c-ops.js(35,5): error TS2775: Assertions require every name in the call target to be declared with an explicit type annotation.
test/faz0-verify/b4c-ops.js(43,5): error TS2775: Assertions require every name in the call target to be declared with an explicit type annotation.
test/faz0-verify/b4c-ops.js(53,5): error TS2775: Assertions require every name in the call target to be declared with an explicit type annotation.
test/faz0-verify/b4c-ops.js(54,5): error TS2775: Assertions require every name in the call target to be declared with an explicit type annotation.
test/faz0-verify/b4c-ops.js(61,5): error TS2775: Assertions require every name in the call target to be declared with an explicit type annotation.
test/faz0-verify/b4c-ops.js(67,12): error TS2322: Type '{ status: number; data: any; }' is not assignable to type '{ status: string; }'.
  Types of property 'status' are incompatible.
    Type 'number' is not assignable to type 'string'.
test/faz0-verify/b4c-ops.js(69,5): error TS2775: Assertions require every name in the call target to be declared with an explicit type annotation.
test/faz0-verify/b4c-ops.js(69,115): error TS2365: Operator '>=' cannot be applied to types 'string' and 'number'.
test/faz0-verify/b4c-ops.js(69,135): error TS2365: Operator '<' cannot be applied to types 'string' and 'number'.
test/faz0-verify/b4c-ops.js(80,5): error TS2775: Assertions require every name in the call target to be declared with an explicit type annotation.
test/faz0-verify/b4c-ops.js(85,7): error TS2775: Assertions require every name in the call target to be declared with an explicit type annotation.
test/faz0-verify/b4c-ops.js(105,5): error TS2775: Assertions require every name in the call target to be declared with an explicit type annotation.
test/faz0-verify/b4c-ops.js(106,5): error TS2775: Assertions require every name in the call target to be declared with an explicit type annotation.
test/faz0-verify/b4c-ops.js(114,5): error TS2775: Assertions require every name in the call target to be declared with an explicit type annotation.
test/faz0-verify/b4c-ops.js(114,65): error TS2775: Assertions require every name in the call target to be declared with an explicit type annotation.
test/faz0-verify/b4c-ops.js(127,5): error TS2775: Assertions require every name in the call target to be declared with an explicit type annotation.
test/faz0-verify/b4c-ops.js(128,5): error TS2775: Assertions require every name in the call target to be declared with an explicit type annotation.
test/faz0-verify/b4c-ops.js(135,293): error TS2775: Assertions require every name in the call target to be declared with an explicit type annotation.
test/faz0-verify/b4c-ops.js(148,5): error TS2775: Assertions require every name in the call target to be declared with an explicit type annotation.
test/faz0-verify/b4c-ops.js(152,164): error TS2775: Assertions require every name in the call target to be declared with an explicit type annotation.
test/faz0-verify/b4c-ops.js(156,213): error TS2775: Assertions require every name in the call target to be declared with an explicit type annotation.
test/faz0-verify/b4c-ops.js(165,5): error TS2775: Assertions require every name in the call target to be declared with an explicit type annotation.
test/faz0-verify/b4c-ops.js(178,5): error TS2775: Assertions require every name in the call target to be declared with an explicit type annotation.
test/faz0-verify/b4c-ops.js(179,5): error TS2775: Assertions require every name in the call target to be declared with an explicit type annotation.
test/faz0-verify/b4c-ops.js(188,5): error TS2775: Assertions require every name in the call target to be declared with an explicit type annotation.
test/faz0-verify/b4c-ops.js(199,5): error TS2775: Assertions require every name in the call target to be declared with an explicit type annotation.
test/faz0-verify/b4c-ops.js(209,27): error TS2775: Assertions require every name in the call target to be declared with an explicit type annotation.
test/faz0-verify/b4c-ops.js(210,10): error TS2775: Assertions require every name in the call target to be declared with an explicit type annotation.
test/faz0-verify/b4c-ops.js(211,26): error TS2775: Assertions require every name in the call target to be declared with an explicit type annotation.
test/faz0-verify/b4c-ops.js(219,5): error TS2775: Assertions require every name in the call target to be declared with an explicit type annotation.
test/faz0-verify/b4c-ops.js(220,5): error TS2775: Assertions require every name in the call target to be declared with an explicit type annotation.
test/faz0-verify/b4c-ops.js(221,5): error TS2775: Assertions require every name in the call target to be declared with an explicit type annotation.
test/faz0-verify/b4c-ops.js(240,5): error TS2775: Assertions require every name in the call target to be declared with an explicit type annotation.
test/faz0-verify/b4c-ops.js(248,5): error TS2775: Assertions require every name in the call target to be declared with an explicit type annotation.
test/faz0-verify/b4c-ops.js(264,5): error TS2775: Assertions require every name in the call target to be declared with an explicit type annotation.
test/faz0-verify/b4c-ops.js(266,5): error TS2775: Assertions require every name in the call target to be declared with an explicit type annotation.
test/faz0-verify/b4c-ops.js(279,5): error TS2775: Assertions require every name in the call target to be declared with an explicit type annotation.
test/faz0-verify/b4c-ops.js(279,36): error TS2775: Assertions require every name in the call target to be declared with an explicit type annotation.
test/faz0-verify/b4c-ops.js(279,68): error TS2775: Assertions require every name in the call target to be declared with an explicit type annotation.
test/faz0-verify/b4c-ops.js(280,5): error TS2775: Assertions require every name in the call target to be declared with an explicit type annotation.
test/faz0-verify/b4c-ops.js(281,5): error TS2775: Assertions require every name in the call target to be declared with an explicit type annotation.
test/faz0-verify/b4c-ops.js(284,5): error TS2775: Assertions require every name in the call target to be declared with an explicit type annotation.
test/faz0-verify/b4c-ops.js(308,5): error TS2775: Assertions require every name in the call target to be declared with an explicit type annotation.
test/faz0-verify/b4c-ops.js(308,74): error TS2775: Assertions require every name in the call target to be declared with an explicit type annotation.
test/faz0-verify/b4c-ops.js(313,83): error TS2775: Assertions require every name in the call target to be declared with an explicit type annotation.
test/faz0-verify/b4c-ops.js(319,75): error TS2775: Assertions require every name in the call target to be declared with an explicit type annotation.
test/faz0-verify/b4c-ops.js(327,150): error TS2775: Assertions require every name in the call target to be declared with an explicit type annotation.
test/faz0-verify/b4c-ops.js(329,5): error TS2775: Assertions require every name in the call target to be declared with an explicit type annotation.
test/faz0-verify/b4c-ops.js(337,141): error TS2775: Assertions require every name in the call target to be declared with an explicit type annotation.
test/faz0-verify/lib.js(105,71): error TS2810: Expected 1 argument, but got 0. 'new Promise()' needs a JSDoc hint to produce a 'resolve' that can be called without arguments.
